<?php return array (
  0 => 'Symfony\\Bundle\\FrameworkBundle\\Controller\\AbstractController',
  1 => 'App\\Controller\\AppointmentController',
  2 => 'App\\Controller\\CircuitTypeController',
  3 => 'App\\Controller\\ConnexionController',
  4 => 'App\\Controller\\ConsultationPlanningController',
  5 => 'App\\Controller\\HumanResourceCategoryController',
  6 => 'App\\Controller\\HumanResourceController',
  7 => 'App\\Controller\\MaterialResourceCategoryController',
  8 => 'App\\Controller\\MaterialResourceController',
  9 => 'App\\Controller\\ModificationPlanningController',
  10 => 'App\\Controller\\PathwayController',
  11 => 'App\\Controller\\PatientController',
  12 => 'App\\Controller\\ProfilController',
  13 => 'App\\Controller\\ResourceController',
  14 => 'App\\Controller\\ResourceTypeController',
  15 => 'App\\Controller\\SecurityController',
  16 => 'App\\Controller\\SettingsController',
  17 => 'App\\Controller\\UserController',
  18 => 'App\\Entity\\Activity',
  19 => 'App\\Entity\\ActivityHumanResource',
  20 => 'App\\Entity\\ActivityMaterialResource',
  21 => 'App\\Entity\\Appointment',
  22 => 'App\\Entity\\CategoryOfHumanResource',
  23 => 'App\\Entity\\CategoryOfMaterialResource',
  24 => 'App\\Entity\\HumanResource',
  25 => 'App\\Entity\\HumanResourceCategory',
  26 => 'App\\Entity\\HumanResourceScheduled',
  27 => 'App\\Entity\\MaterialResource',
  28 => 'App\\Entity\\MaterialResourceCategory',
  29 => 'App\\Entity\\MaterialResourceScheduled',
  30 => 'App\\Entity\\Modification',
  31 => 'App\\Entity\\Pathway',
  32 => 'App\\Entity\\Patient',
  33 => 'App\\Entity\\ScheduledActivity',
  34 => 'App\\Entity\\Settings',
  35 => 'App\\Entity\\Successor',
  36 => 'App\\Entity\\Target',
  37 => 'App\\Entity\\Unavailability',
  38 => 'App\\Entity\\UnavailabilityHumanResource',
  39 => 'App\\Entity\\UnavailabilityMaterialResource',
  40 => 'App\\Entity\\User',
  41 => 'App\\Entity\\UserSettings',
  42 => 'App\\Entity\\WorkingHours',
  43 => 'Doctrine\\Bundle\\DoctrineBundle\\Controller\\ProfilerController',
  44 => 'Doctrine\\ORM\\Cache\\Persister\\Entity\\AbstractEntityPersister',
  45 => 'Doctrine\\ORM\\Cache\\Persister\\Entity\\CachedEntityPersister',
  46 => 'Doctrine\\ORM\\Cache\\Persister\\Entity\\NonStrictReadWriteCachedEntityPersister',
  47 => 'Doctrine\\ORM\\Cache\\Persister\\Entity\\ReadOnlyCachedEntityPersister',
  48 => 'Doctrine\\ORM\\Cache\\Persister\\Entity\\ReadWriteCachedEntityPersister',
  49 => 'Doctrine\\ORM\\Persisters\\Entity\\AbstractEntityInheritancePersister',
  50 => 'Doctrine\\ORM\\Persisters\\Entity\\BasicEntityPersister',
  51 => 'Doctrine\\ORM\\Persisters\\Entity\\CachedPersisterContext',
  52 => 'Doctrine\\ORM\\Persisters\\Entity\\EntityPersister',
  53 => 'Doctrine\\ORM\\Persisters\\Entity\\JoinedSubclassPersister',
  54 => 'Doctrine\\ORM\\Persisters\\Entity\\SingleTablePersister',
  56 => 'Symfony\\Bundle\\FrameworkBundle\\Controller\\ControllerResolver',
  57 => 'Symfony\\Bundle\\FrameworkBundle\\Controller\\RedirectController',
  58 => 'Symfony\\Bundle\\FrameworkBundle\\Controller\\TemplateController',
  59 => 'Symfony\\Bundle\\WebProfilerBundle\\Controller\\ExceptionPanelController',
  60 => 'Symfony\\Bundle\\WebProfilerBundle\\Controller\\ProfilerController',
  61 => 'Symfony\\Bundle\\WebProfilerBundle\\Controller\\RouterController',
  62 => 'Symfony\\Component\\HttpKernel\\Controller\\ArgumentResolver',
  63 => 'Symfony\\Component\\HttpKernel\\Controller\\ArgumentResolverInterface',
  64 => 'Symfony\\Component\\HttpKernel\\Controller\\ArgumentResolver\\DefaultValueResolver',
  65 => 'Symfony\\Component\\HttpKernel\\Controller\\ArgumentResolver\\NotTaggedControllerValueResolver',
  66 => 'Symfony\\Component\\HttpKernel\\Controller\\ArgumentResolver\\RequestAttributeValueResolver',
  67 => 'Symfony\\Component\\HttpKernel\\Controller\\ArgumentResolver\\RequestValueResolver',
  68 => 'Symfony\\Component\\HttpKernel\\Controller\\ArgumentResolver\\ServiceValueResolver',
  69 => 'Symfony\\Component\\HttpKernel\\Controller\\ArgumentResolver\\SessionValueResolver',
  70 => 'Symfony\\Component\\HttpKernel\\Controller\\ArgumentResolver\\TraceableValueResolver',
  71 => 'Symfony\\Component\\HttpKernel\\Controller\\ArgumentResolver\\VariadicValueResolver',
  72 => 'Symfony\\Component\\HttpKernel\\Controller\\ArgumentValueResolverInterface',
  73 => 'Symfony\\Component\\HttpKernel\\Controller\\ContainerControllerResolver',
  74 => 'Symfony\\Component\\HttpKernel\\Controller\\ControllerReference',
  75 => 'Symfony\\Component\\HttpKernel\\Controller\\ControllerResolver',
  76 => 'Symfony\\Component\\HttpKernel\\Controller\\ControllerResolverInterface',
  77 => 'Symfony\\Component\\HttpKernel\\Controller\\ErrorController',
  78 => 'Symfony\\Component\\HttpKernel\\Controller\\TraceableArgumentResolver',
  79 => 'Symfony\\Component\\HttpKernel\\Controller\\TraceableControllerResolver',
  80 => 'Symfony\\Component\\Security\\Http\\Controller\\UserValueResolver',
);